isk isk fisk fisk fisk iskfiskfisk isk isk fiskisk isk fisk fisk fisk isk  fisk  fiskisk fisk fisk fisk fisk fisk fisk fisk fisk fisk fisk fisk fiskisk fisk fisk fisk fisk isk fisk isk fisk fiskiskfiskfiskfisksfiskiskfiskfiskfisksfiskiskfiskfiskfisksfiskiskfiskfiskfisksfiskiskfiskfiskfisksfiskiskfiskfiskfisksfiskisk  isk fisk fisk fisk isk isk  isk fisk fisk isk  isk isk fisk isk  isk fisk fisk fisk fiskisk  isk fisk fiskfisk isk  isk fisk isk  isk fisk fisk fiskisk  isk fisk fisk isk fisk fisk fisk fisk iskifiskfisk isk fisk isk fisk fiskisk