merikanska underrattelsetjansten sager sig ha uppgifter om intensiv aktivitet vid en plats i ordkorea som tyder pa att landet forbereder uppskjutning av en rymdfarkost inom en nara framtid rapporterar nyhetsbyran euters med hanvisning till regeringstjansteman i ashingtonktiviteten ska besta av forflyttning av komponenter och drivmedel som kan kopplas till rymdfart merikanerna tror att ett test kan folja inom de narmaste veckorna et som oroar oss ar det ar samma teknologi som galler vid utvecklingen av interkontinentala ballistiska robotar sager en av tjanstemannens sakerhetsrad har tagit upp fragan om nya sanktioner mot ordkorea efter det att den totalitara staten den  januari i ar utforde ett karnvapenprov det fjarde i ordningen skot nordkoreanerna upp en raket med lang rackvidd som lades i omloppsbana yongyang havdade att det rorde sig om en kommunikationssatellit xperter i ast och sien sag provet mer som del i ett forsok att bygga 