Fisk fisk fisk fisk fisk fisk fisk fisk. Fisk fisk fisk fisk fisk fisk. Fisk fisk fisk fisk fisk fisk. Fisk fisk fisk fisk fisk fisk. Fisk fisk fisk fisk fisk fisk fisk fisk fisk. Fisk fisk fisk fisk fisk fisk. Fisk fisk fisk fisk fisk fisk fisk fisk. Fisk fisk fisk fisk fisk fisk fisk. 

Fisk fisk fisk fisk fisk fisk fisk fisk. Fisk fisk fisk fisk fisk fisk fisk fisk fisk. Fisk fisk fisk fisk fisk fisk fisk. Fisk fisk fisk fisk fisk fisk. Fisk fisk fisk fisk fisk fisk fisk fisk. Fisk fisk fisk fisk fisk fisk. Fisk fisk fisk fisk fisk fisk. 

Fisk fisk fisk fisk fisk fisk fisk fisk fisk. Fisk fisk fisk fisk fisk fisk fisk fisk fisk fisk. Fisk fisk fisk fisk fisk fisk fisk fisk. Fisk fisk fisk fisk fisk fisk fisk fisk. Fisk fisk fisk fisk fisk fisk fisk.
