
Din e-postlsare stder inte HTML.

LS BREVET:
Fr att lsa utskicket klicka p lnken nedan.
http://www.epostservice.se/aspnet/v3/page/read.ashx?issueid=277163&userid=62479175&readid=5C01ED990F19&text=1

AVREGISTRERA DIG:
Du kan avregistrera dig frn utskicket med denna lnk:
http://www.epostservice.se/aspnet/v3/pub/unregisterEmail.aspx?12379175&123627F32797&123163
