log 1
drop 1
log 2
log 2
drop 2
log 3
drop 3
log 4
log 4
drop 4
log 5
log 5
log 5
drop 5
log 6
log 6
log 6
drop 6
log 7
log 7
log 7
drop 7
log 8
log 8
log 8
drop 8
log 9
log 9
log 9
drop 9
log 10
log 10
log 10
drop 10
log 11
log 11
log 11
drop 11
log 12
drop 12
log 13
log 13
drop 13
log 14
log 14
log 14
drop 14
log 15
drop 15
log 16
drop 16
