<!DOCTYPE html>
<html>
<head>
<title>a title</title>
</head>

--_----------=_1454109265201045
Content-Type: text/plain
Content-Type: text/html

<body><div>yo!<br></div>
<div>&nbsp;</div>
<div>On Fri, 29 Jan 2016, at 11:38 PM, Simon Lindholm wrote:<br></div>

<div title="a tit&quot;le>a">&gt; a test message!<br></div>
<div>&nbsp;</div>
</body>
</html>
